[WebServer] (node:24156) Warning: The 'NO_COLOR' env is ignored due to the 'FORCE_COLOR' env being set.
[WebServer] (Use `node --trace-warnings ...` to show where the warning was created)
[WebServer] (node:26892) Warning: The 'NO_COLOR' env is ignored due to the 'FORCE_COLOR' env being set.
[WebServer] (Use `node --trace-warnings ...` to show where the warning was created)

Running 24 tests using 1 worker

(node:45212) Warning: The 'NO_COLOR' env is ignored due to the 'FORCE_COLOR' env being set.
(Use `node --trace-warnings ...` to show where the warning was created)
(node:45212) Warning: The 'NO_COLOR' env is ignored due to the 'FORCE_COLOR' env being set.
(Use `node --trace-warnings ...` to show where the warning was created)
  ok  1 browser\f1flow.spec.mjs:7:1 › Home uses saved projects and only implemented navigation (895ms)
  ok  2 browser\f1flow.spec.mjs:15:1 › Option B and edited source-language wording survive reload, require renewed review and freeze at finalization (2.6s)
  ok  3 browser\f1flow.spec.mjs:53:1 › mobile home and compare keep actions inside a narrow screen (941ms)
  ok  4 browser\f1flow.spec.mjs:65:1 › source evidence stays keyboard accessible and recommendation filters do not hide decisions (1.0s)
  ok  5 browser\f1flow.spec.mjs:78:1 › a conflicting wording save cannot replace server text and recovers only on request (1.6s)
  ok  6 browser\landing.spec.mjs:5:2 › Figma landing at 1728px uses local assets and working actions (2.1s)
  ok  7 browser\landing.spec.mjs:5:2 › Figma landing at 360px uses local assets and working actions (2.8s)
  ok  8 browser\landing.spec.mjs:39:1 › demo without configured contact opens an honest dialog and sends nothing (1.1s)
  ok  9 browser\performance.spec.mjs:8:1 › Feature 1 loads its own data; stage navigation, source, search and filters use cached rows (1.6s)
  ok 10 browser\performance.spec.mjs:25:1 › a review save uses one write and a run refresh; slow acknowledgement blocks only that item (1.5s)
  x  11 browser\performance.spec.mjs:43:1 › choosing B patches server-confirmed choice without reloading immutable options or unrelated data (1.5s)
(node:45072) Warning: The 'NO_COLOR' env is ignored due to the 'FORCE_COLOR' env being set.
(Use `node --trace-warnings ...` to show where the warning was created)
(node:45072) Warning: The 'NO_COLOR' env is ignored due to the 'FORCE_COLOR' env being set.
(Use `node --trace-warnings ...` to show where the warning was created)
  ok 12 browser\performance.spec.mjs:55:1 › a pending review cannot finalize and duplicate clicks never queue a second write (1.6s)
  ok 13 browser\performance.spec.mjs:67:1 › an in-flight save updates its original project cache without replacing the newly opened project (1.4s)
  ok 14 browser\performance.spec.mjs:82:1 › polling queries only the active analysis and stops after its terminal result is loaded (7.4s)
  ok 15 browser\performance.spec.mjs:95:1 › a committed review stays saved if its run-version refresh fails; finalize waits for recovery (1.6s)
  ok 16 browser\performance.spec.mjs:107:1 › an older background read cannot overwrite a later acknowledged review (1.6s)
  ok 17 browser\performance.spec.mjs:120:1 › signing out during a read clears user cache and a new user cannot inherit its delayed data (1.3s)
  ok 18 browser\performance.spec.mjs:135:1 › terminal polling retries missing result data before marking the analysis ready (5.1s)
  ok 19 browser\ui.spec.mjs:4:1 › landing theme and honest capability notice, contact recipient visible, keyboard auth (1.2s)
  ok 20 browser\ui.spec.mjs:15:1 › task notification opens its authorized package and section, not task UUID as package (963ms)
  ok 21 browser\ui.spec.mjs:22:1 › draft setup saves only mutable fields; document without file persists across reload (2.2s)
  ok 22 browser\ui.spec.mjs:36:1 › viewer read-only and mobile 360px navigation keep primary actions accessible (880ms)
  ok 23 browser\ui.spec.mjs:47:1 › failed save does not overwrite; unsaved draft requires explicit recovery after reload (2.9s)
  ok 24 browser\ui.spec.mjs:53:1 › package task Bangkok time, selected estimates versus missing actuals, explicit zero actual save (1.4s)


  1) browser\performance.spec.mjs:43:1 › choosing B patches server-confirmed choice without reloading immutable options or unrelated data 

    Error: [2mexpect([22m[31mreceived[39m[2m).[22mtoEqual[2m([22m[32mexpected[39m[2m) // deep equality[22m

    [32m- Expected  - 3[39m
    [31m+ Received  + 1[39m

    [32m- Array [[39m
    [32m-   "analysis_runs",[39m
    [32m- ][39m
    [31m+ Array [][39m

      50 |  await expect(page.locator('.comparison-table th').filter({hasText:'Option B'})).toContainText('Selected');await page.waitForLoadState('networkidle');
      51 |  const changed=f.requests.slice(start);expect(changed.filter(r=>r.table==='gs_review_change')).toHaveLength(1);
    > 52 |  expect(reads(changed).map(r=>r.table)).toEqual(['analysis_runs']);expect(changed).toHaveLength(2);expect(f.errors).toEqual([]);
         |                                         ^
      53 | });
      54 |
      55 | test('a pending review cannot finalize and duplicate clicks never queue a second write',async({page})=>{
        at C:\Users\Jirasin\Downloads\EGAT\GreenSpec\qa\browser\performance.spec.mjs:52:41

    Error Context: test-results\performance-choosing-B-pat-bdbb8-e-options-or-unrelated-data\error-context.md

    attachment #2: trace (application/zip) ─────────────────────────────────────────────────────────
    test-results\performance-choosing-B-pat-bdbb8-e-options-or-unrelated-data\trace.zip
    Usage:

        npx playwright show-trace test-results\performance-choosing-B-pat-bdbb8-e-options-or-unrelated-data\trace.zip

    ────────────────────────────────────────────────────────────────────────────────────────────────

  1 failed
    browser\performance.spec.mjs:43:1 › choosing B patches server-confirmed choice without reloading immutable options or unrelated data 
  23 passed (54.5s)
[WebServer] (node:25000) Warning: The 'NO_COLOR' env is ignored due to the 'FORCE_COLOR' env being set.
[WebServer] (Use `node --trace-warnings ...` to show where the warning was created)
[WebServer] (node:38944) Warning: The 'NO_COLOR' env is ignored due to the 'FORCE_COLOR' env being set.
[WebServer] (Use `node --trace-warnings ...` to show where the warning was created)

Running 1 test using 1 worker

(node:42972) Warning: The 'NO_COLOR' env is ignored due to the 'FORCE_COLOR' env being set.
(Use `node --trace-warnings ...` to show where the warning was created)
(node:42972) Warning: The 'NO_COLOR' env is ignored due to the 'FORCE_COLOR' env being set.
(Use `node --trace-warnings ...` to show where the warning was created)
  x  1 browser\performance.spec.mjs:43:1 › choosing B patches server-confirmed choice without reloading immutable options or unrelated data (1.6s)


  1) browser\performance.spec.mjs:43:1 › choosing B patches server-confirmed choice without reloading immutable options or unrelated data 

    Error: [2mexpect([22m[31mreceived[39m[2m).[22mtoEqual[2m([22m[32mexpected[39m[2m) // deep equality[22m

    [32m- Expected  - 3[39m
    [31m+ Received  + 1[39m

    [32m- Array [[39m
    [32m-   "analysis_runs",[39m
    [32m- ][39m
    [31m+ Array [][39m

      50 |  await expect(page.locator('.comparison-table th').filter({hasText:'Option B'})).toContainText('Selected');await page.waitForLoadState('networkidle');
      51 |  const changed=f.requests.slice(start);expect(changed.filter(r=>r.table==='gs_review_change')).toHaveLength(1);
    > 52 |  expect(reads(changed).map(r=>r.table)).toEqual(['analysis_runs']);expect(changed).toHaveLength(2);expect(f.errors).toEqual([]);
         |                                         ^
      53 | });
      54 |
      55 | test('a pending review cannot finalize and duplicate clicks never queue a second write',async({page})=>{
        at C:\Users\Jirasin\Downloads\EGAT\GreenSpec\qa\browser\performance.spec.mjs:52:41

    Error Context: test-results\performance-choosing-B-pat-bdbb8-e-options-or-unrelated-data\error-context.md

    attachment #2: trace (application/zip) ─────────────────────────────────────────────────────────
    test-results\performance-choosing-B-pat-bdbb8-e-options-or-unrelated-data\trace.zip
    Usage:

        npx playwright show-trace test-results\performance-choosing-B-pat-bdbb8-e-options-or-unrelated-data\trace.zip

    ────────────────────────────────────────────────────────────────────────────────────────────────

  1 failed
    browser\performance.spec.mjs:43:1 › choosing B patches server-confirmed choice without reloading immutable options or unrelated data 
[WebServer] (node:45260) Warning: The 'NO_COLOR' env is ignored due to the 'FORCE_COLOR' env being set.
[WebServer] (Use `node --trace-warnings ...` to show where the warning was created)
[WebServer] (node:44732) Warning: The 'NO_COLOR' env is ignored due to the 'FORCE_COLOR' env being set.
[WebServer] (Use `node --trace-warnings ...` to show where the warning was created)

Running 1 test using 1 worker

(node:9292) Warning: The 'NO_COLOR' env is ignored due to the 'FORCE_COLOR' env being set.
(Use `node --trace-warnings ...` to show where the warning was created)
(node:9292) Warning: The 'NO_COLOR' env is ignored due to the 'FORCE_COLOR' env being set.
(Use `node --trace-warnings ...` to show where the warning was created)
  ok 1 browser\performance.spec.mjs:43:1 › choosing B patches server-confirmed choice without reloading immutable options or unrelated data (1.5s)

  1 passed (6.1s)
[WebServer] (node:46536) Warning: The 'NO_COLOR' env is ignored due to the 'FORCE_COLOR' env being set.
[WebServer] (Use `node --trace-warnings ...` to show where the warning was created)
[WebServer] (node:10888) Warning: The 'NO_COLOR' env is ignored due to the 'FORCE_COLOR' env being set.
[WebServer] (Use `node --trace-warnings ...` to show where the warning was created)

Running 24 tests using 1 worker

(node:46700) Warning: The 'NO_COLOR' env is ignored due to the 'FORCE_COLOR' env being set.
(Use `node --trace-warnings ...` to show where the warning was created)
(node:46700) Warning: The 'NO_COLOR' env is ignored due to the 'FORCE_COLOR' env being set.
(Use `node --trace-warnings ...` to show where the warning was created)
  ok  1 browser\f1flow.spec.mjs:7:1 › Home uses saved projects and only implemented navigation (894ms)
  ok  2 browser\f1flow.spec.mjs:15:1 › Option B and edited source-language wording survive reload, require renewed review and freeze at finalization (2.6s)
  ok  3 browser\f1flow.spec.mjs:53:1 › mobile home and compare keep actions inside a narrow screen (947ms)
  ok  4 browser\f1flow.spec.mjs:65:1 › source evidence stays keyboard accessible and recommendation filters do not hide decisions (1.0s)
  ok  5 browser\f1flow.spec.mjs:78:1 › a conflicting wording save cannot replace server text and recovers only on request (1.5s)
  ok  6 browser\landing.spec.mjs:5:2 › Figma landing at 1728px uses local assets and working actions (2.1s)
  ok  7 browser\landing.spec.mjs:5:2 › Figma landing at 360px uses local assets and working actions (2.6s)
  ok  8 browser\landing.spec.mjs:39:1 › demo without configured contact opens an honest dialog and sends nothing (1.1s)
  ok  9 browser\performance.spec.mjs:8:1 › Feature 1 loads its own data; stage navigation, source, search and filters use cached rows (1.5s)
  ok 10 browser\performance.spec.mjs:25:1 › a review save uses one write and a run refresh; slow acknowledgement blocks only that item (1.5s)
  ok 11 browser\performance.spec.mjs:43:1 › choosing B patches server-confirmed choice without reloading immutable options or unrelated data (1.5s)
  ok 12 browser\performance.spec.mjs:55:1 › a pending review cannot finalize and duplicate clicks never queue a second write (1.5s)
  ok 13 browser\performance.spec.mjs:67:1 › an in-flight save updates its original project cache without replacing the newly opened project (1.4s)
  ok 14 browser\performance.spec.mjs:82:1 › polling queries only the active analysis and stops after its terminal result is loaded (7.5s)
  ok 15 browser\performance.spec.mjs:95:1 › a committed review stays saved if its run-version refresh fails; finalize waits for recovery (1.7s)
  ok 16 browser\performance.spec.mjs:107:1 › an older background read cannot overwrite a later acknowledged review (1.5s)
  ok 17 browser\performance.spec.mjs:120:1 › signing out during a read clears user cache and a new user cannot inherit its delayed data (1.3s)
  ok 18 browser\performance.spec.mjs:135:1 › terminal polling retries missing result data before marking the analysis ready (5.1s)
  ok 19 browser\ui.spec.mjs:4:1 › landing theme and honest capability notice, contact recipient visible, keyboard auth (1.1s)
  ok 20 browser\ui.spec.mjs:15:1 › task notification opens its authorized package and section, not task UUID as package (851ms)
  ok 21 browser\ui.spec.mjs:22:1 › draft setup saves only mutable fields; document without file persists across reload (3.3s)
  ok 22 browser\ui.spec.mjs:36:1 › viewer read-only and mobile 360px navigation keep primary actions accessible (1.0s)
  ok 23 browser\ui.spec.mjs:47:1 › failed save does not overwrite; unsaved draft requires explicit recovery after reload (2.8s)
  ok 24 browser\ui.spec.mjs:53:1 › package task Bangkok time, selected estimates versus missing actuals, explicit zero actual save (1.3s)

  24 passed (51.8s)
