
> test:browser
> playwright test

[WebServer] (node:8152) Warning: The 'NO_COLOR' env is ignored due to the 'FORCE_COLOR' env being set.
[WebServer] (Use `node --trace-warnings ...` to show where the warning was created)
[WebServer] (node:21360) Warning: The 'NO_COLOR' env is ignored due to the 'FORCE_COLOR' env being set.
[WebServer] (Use `node --trace-warnings ...` to show where the warning was created)

Running 21 tests using 1 worker

(node:27716) Warning: The 'NO_COLOR' env is ignored due to the 'FORCE_COLOR' env being set.
(Use `node --trace-warnings ...` to show where the warning was created)
(node:27716) Warning: The 'NO_COLOR' env is ignored due to the 'FORCE_COLOR' env being set.
(Use `node --trace-warnings ...` to show where the warning was created)
  ok  1 browser\f1flow.spec.mjs:7:1 › Home uses saved projects and only implemented navigation (1.2s)
  ok  2 browser\f1flow.spec.mjs:15:1 › Option B and edited source-language wording survive reload, require renewed review and freeze at finalization (3.5s)
  ok  3 browser\f1flow.spec.mjs:53:1 › mobile home and compare keep actions inside a narrow screen (1.1s)
  ok  4 browser\f1flow.spec.mjs:65:1 › source evidence stays keyboard accessible and recommendation filters do not hide decisions (1.1s)
  ok  5 browser\f1flow.spec.mjs:78:1 › a conflicting wording save cannot replace server text and recovers only on request (2.0s)
  ok  6 browser\performance.spec.mjs:8:1 › Feature 1 loads its own data; stage navigation, source, search and filters use cached rows (1.7s)
  ok  7 browser\performance.spec.mjs:25:1 › a review save uses one write and a run refresh; slow acknowledgement blocks only that item (1.7s)
  ok  8 browser\performance.spec.mjs:43:1 › choosing B patches server-confirmed choice without reloading immutable options or unrelated data (1.4s)
  ok  9 browser\performance.spec.mjs:55:1 › a pending review cannot finalize and duplicate clicks never queue a second write (1.6s)
  ok 10 browser\performance.spec.mjs:67:1 › an in-flight save updates its original project cache without replacing the newly opened project (1.5s)
  ok 11 browser\performance.spec.mjs:82:1 › polling queries only the active analysis and stops after its terminal result is loaded (7.6s)
  ok 12 browser\performance.spec.mjs:95:1 › a committed review stays saved if its run-version refresh fails; finalize waits for recovery (1.8s)
  ok 13 browser\performance.spec.mjs:107:1 › an older background read cannot overwrite a later acknowledged review (1.7s)
  ok 14 browser\performance.spec.mjs:120:1 › signing out during a read clears user cache and a new user cannot inherit its delayed data (1.4s)
  ok 15 browser\performance.spec.mjs:135:1 › terminal polling retries missing result data before marking the analysis ready (5.2s)
  ok 16 browser\ui.spec.mjs:4:1 › landing theme and honest capability notice, contact recipient visible, keyboard auth (845ms)
  ok 17 browser\ui.spec.mjs:15:1 › task notification opens its authorized package and section, not task UUID as package (990ms)
  ok 18 browser\ui.spec.mjs:22:1 › draft setup saves only mutable fields; document without file persists across reload (2.4s)
  ok 19 browser\ui.spec.mjs:36:1 › viewer read-only and mobile 360px navigation keep primary actions accessible (1.0s)
  ok 20 browser\ui.spec.mjs:47:1 › failed save does not overwrite; unsaved draft requires explicit recovery after reload (3.0s)
  ok 21 browser\ui.spec.mjs:53:1 › package task Bangkok time, selected estimates versus missing actuals, explicit zero actual save (1.5s)

  21 passed (50.0s)
